
[Incubating] Problems report is available at: file:///C:/Users/Lenovo/AndroidStudioProjects/CashBookBusiness/build/reports/problems/problems-report.html
./gradlew : 
At line:1 char:1
+ ./gradlew :app:compil
eDebugKotlin > 
build_output.txt 2>&1
+ ~~~~~~~~~~~~~~~~~~~~~
~~~~~~~~~~~~~~~~~~~~~~~
~~~~~~~~~~~~~
    + CategoryInfo     
         : NotSpecifi  
  ed: (:String) [],    
 RemoteException
    + FullyQualifiedEr 
   rorId : NativeComm  
  andError
 
FAILURE: Build failed 
with an exception.

* Where:
Build file 'C:\Users\Le
novo\AndroidStudioProje
cts\CashBookBusiness\ap
p\build.gradle.kts' 
line: 1

* What went wrong:
An exception occurred 
applying plugin 
request [id: 'com.andro
id.application']
> Failed to apply 
plugin 'com.android.int
ernal.application'.
   > Android Gradle 
plugin requires Java 
17 to run. You are 
currently using Java 
16.
      Your current JDK 
is located in 
C:\Bhavik 
Dabhi\java\SDKs\JDK8
      You can try some 
of the following 
options:
       - changing the 
IDE settings.
       - changing the 
JAVA_HOME environment 
variable.
       - changing 
`org.gradle.java.home` 
in `gradle.properties`.

* Try:
> Run with 
--stacktrace option to 
get the stack trace.
> Run with --info or 
--debug option to get 
more log output.
> Run with --scan to 
get full insights.
> Get more help at http
s://help.gradle.org.

Deprecated Gradle features were used in this build, making it incompatible with Gradle 9.0.

You can use '--warning-mode all' to show the individual deprecation warnings and determine if they come from your own scripts or plugins.

For more on this, please refer to https://docs.gradle.org/8.13/userguide/command_line_interface.html#sec:command_line_warnings in the Gradle documentation.

BUILD FAILED in 12s
